******************************************************************************
                  TI ARM Linker PC v16.9.4                     
******************************************************************************
>> Linked Wed Jan 24 20:55:11 2018

OUTPUT FILE NAME:   <inc.out>
ENTRY POINT SYMBOL: "_c_int00"  address: 00001831


MEMORY CONFIGURATION

         name            origin    length      used     unused   attr    fill
----------------------  --------  ---------  --------  --------  ----  --------
  MAIN                  00000000   00040000  000019be  0003e642  R  X
  INFO                  00200000   00004000  00000000  00004000  R  X
  SRAM_CODE             01000000   00010000  000008b9  0000f747  RW X
  SRAM_DATA             20000000   00010000  000008b9  0000f747  RW  


SEGMENT ALLOCATION MAP

run origin  load origin   length   init length attrs members
----------  ----------- ---------- ----------- ----- -------
00000000    00000000    000019c0   000019c0    r-x
  00000000    00000000    000000e4   000000e4    r-- .intvecs
  000000e4    000000e4    0000189a   0000189a    r-x .text
  00001980    00001980    00000040   00000040    r-- .cinit
20000000    20000000    000006bc   00000000    rw-
  20000000    20000000    00000400   00000000    rw- .sysmem
  20000400    20000400    00000289   00000000    rw- .bss
  2000068c    2000068c    00000030   00000000    rw- .data
2000fe00    2000fe00    00000200   00000000    rw-
  2000fe00    2000fe00    00000200   00000000    rw- .stack


SECTION ALLOCATION MAP

 output                                  attributes/
section   page    origin      length       input sections
--------  ----  ----------  ----------   ----------------
.intvecs   0    00000000    000000e4     
                  00000000    000000e4     startup_msp432p401r_ccs.obj (.intvecs:retain)

.binit     0    00000000    00000000     

.text      0    000000e4    0000189a     
                  000000e4    00000630     TExaS.obj (.text)
                  00000714    000005b6     EUSCIA0.obj (.text)
                  00000cca    00000002     incmain.obj (.text)
                  00000ccc    0000032c     system_msp432p401r.obj (.text)
                  00000ff8    000001a4     UART1.obj (.text)
                  0000119c    00000174     FIFO0.obj (.text)
                  00001310    00000134     TA3InputCapture.obj (.text)
                  00001444    000000ac     TimerA0.obj (.text)
                  000014f0    000000a8     TimerA1.obj (.text)
                  00001598    000000a8     TimerA2.obj (.text)
                  00001640    0000009c     rtsv7M4_T_le_v4SPD16_eabi.lib : memcpy_t2.obj (.text)
                  000016dc    0000007a                                   : memset_t2.obj (.text)
                  00001756    00000002                                   : mpu_init.obj (.text)
                  00001758    00000070                                   : autoinit.obj (.text)
                  000017c8    00000068                                   : copy_decompress_lzss.obj (.text:decompress:lzss)
                  00001830    00000054                                   : boot.obj (.text)
                  00001884    00000054                                   : exit.obj (.text)
                  000018d8    0000004c                                   : cpy_tbl.obj (.text)
                  00001924    00000018                                   : args_main.obj (.text)
                  0000193c    00000014                                   : _lock.obj (.text)
                  00001950    0000000e                                   : copy_decompress_none.obj (.text:decompress:none)
                  0000195e    0000000e     startup_msp432p401r_ccs.obj (.text)
                  0000196c    0000000c     rtsv7M4_T_le_v4SPD16_eabi.lib : copy_zero_init.obj (.text:decompress:ZI)
                  00001978    00000004                                   : pre_init.obj (.text)
                  0000197c    00000002                                   : startup.obj (.text)

.cinit     0    00001980    00000040     
                  00001980    0000001c     (.cinit..data.load) [load image, compression = lzss]
                  0000199c    0000000c     (__TI_handler_table)
                  000019a8    00000008     (.cinit..bss.load) [load image, compression = zero_init]
                  000019b0    00000010     (__TI_cinit_table)

.init_array 
*          0    00000000    00000000     UNINITIALIZED

.sysmem    0    20000000    00000400     UNINITIALIZED
                  20000000    00000008     rtsv7M4_T_le_v4SPD16_eabi.lib : memory.obj (.sysmem)
                  20000008    000003f8     --HOLE--

.bss       0    20000400    00000289     UNINITIALIZED
                  20000400    00000100     (.common:RxFIFO)
                  20000500    00000100     (.common:TxHistogram)
                  20000600    00000040     FIFO0.obj (.bss:TxFifo0)
                  20000640    00000010     FIFO0.obj (.bss:RxFifo0)
                  20000650    00000008     (.common:Messagec)
                  20000658    00000004     (.common:Messageindexc)
                  2000065c    00000004     (.common:PeriodicTask2)
                  20000660    00000004     (.common:Rx0GetI)
                  20000664    00000004     (.common:Rx0PutI)
                  20000668    00000004     (.common:RxFifoLost)
                  2000066c    00000004     (.common:RxGetI)
                  20000670    00000004     (.common:RxPutI)
                  20000674    00000004     (.common:TimerA0Task)
                  20000678    00000004     (.common:TimerA1Task)
                  2000067c    00000004     (.common:TimerA2Task)
                  20000680    00000004     (.common:Tx0GetI)
                  20000684    00000004     (.common:Tx0PutI)
                  20000688    00000001     (.common:LogicData)

.data      0    2000068c    00000030     UNINITIALIZED
                  2000068c    0000000c     rtsv7M4_T_le_v4SPD16_eabi.lib : exit.obj (.data:$O1$$)
                  20000698    0000000c     TExaS.obj (.data)
                  200006a4    00000008     rtsv7M4_T_le_v4SPD16_eabi.lib : _lock.obj (.data:$O1$$)
                  200006ac    00000008     TA3InputCapture.obj (.data)
                  200006b4    00000004     rtsv7M4_T_le_v4SPD16_eabi.lib : stkdepth_vars.obj (.data)
                  200006b8    00000004     system_msp432p401r.obj (.data)

.stack     0    2000fe00    00000200     UNINITIALIZED
                  2000fe00    00000200     --HOLE--

MODULE SUMMARY

       Module                        code   ro data   rw data
       ------                        ----   -------   -------
    .\
       TExaS.obj                     1584   0         34     
       EUSCIA0.obj                   1462   0         24     
       FIFO0.obj                     372    0         704    
       UART1.obj                     420    0         536    
       system_msp432p401r.obj        812    0         8      
       TA3InputCapture.obj           308    0         16     
       startup_msp432p401r_ccs.obj   14     228       0      
       TimerA0.obj                   172    0         8      
       TimerA1.obj                   168    0         8      
       TimerA2.obj                   168    0         8      
       incmain.obj                   2      0         0      
    +--+-----------------------------+------+---------+---------+
       Total:                        5482   228       1346   
                                                             
    C:\ti\ccsv7\tools\compiler\ti-cgt-arm_16.9.4.LTS\lib\rtsv7M4_T_le_v4SPD16_eabi.lib
       memcpy_t2.obj                 156    0         0      
       memset_t2.obj                 122    0         0      
       autoinit.obj                  112    0         0      
       exit.obj                      84     0         24     
       copy_decompress_lzss.obj      104    0         0      
       boot.obj                      84     0         0      
       cpy_tbl.obj                   76     0         0      
       _lock.obj                     20     0         16     
       args_main.obj                 24     0         0      
       copy_decompress_none.obj      14     0         0      
       copy_zero_init.obj            12     0         0      
       stkdepth_vars.obj             0      0         8      
       pre_init.obj                  4      0         0      
       mpu_init.obj                  2      0         0      
       startup.obj                   2      0         0      
    +--+-----------------------------+------+---------+---------+
       Total:                        816    0         48     
                                                             
       Heap:                         0      0         2048   
       Stack:                        0      0         1024   
       Linker Generated:             0      64        0      
    +--+-----------------------------+------+---------+---------+
       Grand Total:                  6298   292       4466   


LINKER GENERATED COPY TABLES

__TI_cinit_table @ 000019b0 records: 2, size/record: 8, table size: 16
	.data: load addr=00001980, load size=0000001c bytes, run addr=2000068c, run size=00000030 bytes, compression=lzss
	.bss: load addr=000019a8, load size=00000008 bytes, run addr=20000400, run size=00000289 bytes, compression=zero_init


LINKER GENERATED HANDLER TABLE

__TI_handler_table @ 0000199c records: 3, size/record: 4, table size: 12
	index: 0, handler: __TI_decompress_lzss
	index: 1, handler: __TI_decompress_none
	index: 2, handler: __TI_zero_init


GLOBAL SYMBOLS: SORTED ALPHABETICALLY BY Name 

address   name                           
-------   ----                           
0000196b  ADC14_IRQHandler               
00000475  ADC_Init                       
0000196b  AES256_IRQHandler              
0000196b  BusFault_Handler               
00001885  C$$EXIT                        
0000196b  COMP_E0_IRQHandler             
0000196b  COMP_E1_IRQHandler             
0000196b  CS_IRQHandler                  
200006ac  CaptureTask0                   
200006b0  CaptureTask2                   
0000196b  DMA_ERR_IRQHandler             
0000196b  DMA_INT0_IRQHandler            
0000196b  DMA_INT1_IRQHandler            
0000196b  DMA_INT2_IRQHandler            
0000196b  DMA_INT3_IRQHandler            
0000196b  DebugMon_Handler               
0000196b  Default_Handler                
000007a5  EUSCIA0_IRQHandler             
000007a5  EUSCIA0_IRQHandler             
00000779  EUSCIA0_InChar                 
00000c41  EUSCIA0_InString               
000007f9  EUSCIA0_InUDec                 
00000af5  EUSCIA0_InUHex                 
00000715  EUSCIA0_Init                   
0000078b  EUSCIA0_OutChar                
000007db  EUSCIA0_OutString              
0000087d  EUSCIA0_OutUDec                
00000a0d  EUSCIA0_OutUDec4               
00000a45  EUSCIA0_OutUDec5               
00000a81  EUSCIA0_OutUFix1               
00000aa9  EUSCIA0_OutUFix2               
00000bbd  EUSCIA0_OutUHex                
00000c23  EUSCIA0_OutUHex2               
00000c01  EUSCIA0outnibble               
0000196b  EUSCIA1_IRQHandler             
00001121  EUSCIA2_IRQHandler             
00001121  EUSCIA2_IRQHandler             
0000196b  EUSCIA3_IRQHandler             
0000196b  EUSCIB0_IRQHandler             
0000196b  EUSCIB1_IRQHandler             
0000196b  EUSCIB2_IRQHandler             
0000196b  EUSCIB3_IRQHandler             
0000196b  FLCTL_IRQHandler               
0000196b  FPU_IRQHandler                 
0000196b  HardFault_Handler              
000000e5  LogicAnalyzer                  
000000ef  LogicAnalyzer_P1               
000001c5  LogicAnalyzer_P10              
000000fd  LogicAnalyzer_P2               
0000010b  LogicAnalyzer_P2_7654          
0000011b  LogicAnalyzer_P3               
00000129  LogicAnalyzer_P4               
00000147  LogicAnalyzer_P4_765320        
00000137  LogicAnalyzer_P4_765432        
0000017f  LogicAnalyzer_P5               
0000018d  LogicAnalyzer_P6               
0000019b  LogicAnalyzer_P7               
000001a9  LogicAnalyzer_P8               
000001b7  LogicAnalyzer_P9               
20000688  LogicData                      
0000196b  MemManage_Handler              
20000650  Messagec                       
20000658  Messageindexc                  
0000196b  NMI_Handler                    
0000196b  PCM_IRQHandler                 
0000196b  PORT1_IRQHandler               
0000196b  PORT2_IRQHandler               
0000196b  PORT3_IRQHandler               
0000196b  PORT4_IRQHandler               
0000196b  PORT5_IRQHandler               
0000196b  PORT6_IRQHandler               
0000196b  PSS_IRQHandler                 
0000196b  PendSV_Handler                 
2000065c  PeriodicTask2                  
00000257  PeriodicTask2_Init             
000002d1  PeriodicTask2_Stop             
0000196b  RTC_C_IRQHandler               
0000195f  Reset_Handler                  
20000660  Rx0GetI                        
20000664  Rx0PutI                        
20000400  RxFIFO                         
000012ab  RxFifo0_Get                    
00001261  RxFifo0_Init                   
0000126d  RxFifo0_Put                    
000012e1  RxFifo0_Size                   
20000668  RxFifoLost                     
00001051  RxFifo_Get                     
00000ff9  RxFifo_Init                    
0000100b  RxFifo_Put                     
2000066c  RxGetI                         
20000670  RxPutI                         
UNDEFED   SHT$$INIT_ARRAY$$Base          
UNDEFED   SHT$$INIT_ARRAY$$Limit         
0000196b  SVC_Handler                    
000001d3  Scope                          
0000196b  SysTick_Handler                
200006b8  SystemCoreClock                
00000ccd  SystemCoreClockUpdate          
00000f41  SystemInit                     
000002c1  T32_INT1_IRQHandler            
000002c1  T32_INT1_IRQHandler            
0000196b  T32_INT2_IRQHandler            
0000196b  T32_INTC_IRQHandler            
000014bf  TA0_0_IRQHandler               
000014bf  TA0_0_IRQHandler               
0000196b  TA0_N_IRQHandler               
00001563  TA1_0_IRQHandler               
00001563  TA1_0_IRQHandler               
0000196b  TA1_N_IRQHandler               
0000160b  TA2_0_IRQHandler               
0000160b  TA2_0_IRQHandler               
0000196b  TA2_N_IRQHandler               
000013cf  TA3_0_IRQHandler               
000013cf  TA3_0_IRQHandler               
000013e9  TA3_N_IRQHandler               
000013e9  TA3_N_IRQHandler               
00000413  TExaS_Clear0                   
0000041f  TExaS_Clear1                   
0000042b  TExaS_Clear2                   
00000437  TExaS_Clear3                   
00000443  TExaS_Clear4                   
00000445  TExaS_Clear5                   
00000451  TExaS_Clear6                   
00000551  TExaS_Init                     
2000069c  TExaS_ScopeErrConflict         
20000698  TExaS_ScopeErrLostData         
200006a0  TExaS_ScopeWrnReconfig         
000003b1  TExaS_Set                      
000003c9  TExaS_Set0                     
000003d5  TExaS_Set1                     
000003e1  TExaS_Set2                     
000003ed  TExaS_Set3                     
000003f9  TExaS_Set4                     
000003fb  TExaS_Set5                     
00000407  TExaS_Set6                     
000006b1  TExaS_Stop                     
00000367  TExaS_Task0                    
00000373  TExaS_Task1                    
0000037f  TExaS_Task2                    
0000038b  TExaS_Task3                    
00000397  TExaS_Task4                    
00000399  TExaS_Task5                    
000003a5  TExaS_Task6                    
20000674  TimerA0Task                    
00001445  TimerA0_Init                   
000014a9  TimerA0_Stop                   
20000678  TimerA1Task                    
000014f1  TimerA1_Init                   
0000154f  TimerA1_Stop                   
2000067c  TimerA2Task                    
00001599  TimerA2_Init                   
000015f7  TimerA2_Stop                   
0000131d  TimerA3Capture_Init            
20000680  Tx0GetI                        
20000684  Tx0PutI                        
00001219  TxFifo0_Get                    
0000119d  TxFifo0_Init                   
000011cf  TxFifo0_Put                    
0000124f  TxFifo0_Size                   
20000500  TxHistogram                    
00001155  UART1_FinishOutput             
000010f3  UART1_InChar                   
00001087  UART1_InStatus                 
00001097  UART1_Init                     
00001105  UART1_OutChar                  
00001137  UART1_OutString                
0000033b  UART_InChar                    
000002e1  UART_Init                      
0000034b  UART_OutChar                   
0000196b  UsageFault_Handler             
4000480c  WDTCTL_SYM                     
0000196b  WDT_A_IRQHandler               
20010000  __STACK_END                    
00000200  __STACK_SIZE                   
00000400  __SYSMEM_SIZE                  
000019b0  __TI_CINIT_Base                
000019c0  __TI_CINIT_Limit               
0000199c  __TI_Handler_Table_Base        
000019a8  __TI_Handler_Table_Limit       
00001759  __TI_auto_init                 
2000068c  __TI_cleanup_ptr               
000017c9  __TI_decompress_lzss           
00001951  __TI_decompress_none           
20000690  __TI_dtors_ptr                 
20000694  __TI_enable_exit_profile_output
ffffffff  __TI_pprof_out_hndl            
ffffffff  __TI_prof_data_size            
ffffffff  __TI_prof_data_start           
00000000  __TI_static_base__             
0000196d  __TI_zero_init                 
000016dd  __aeabi_memclr                 
000016dd  __aeabi_memclr4                
000016dd  __aeabi_memclr8                
00001641  __aeabi_memcpy                 
00001641  __aeabi_memcpy4                
00001641  __aeabi_memcpy8                
000016df  __aeabi_memset                 
000016df  __aeabi_memset4                
000016df  __aeabi_memset8                
ffffffff  __binit__                      
ffffffff  __c_args__                     
00001757  __mpu_init                     
2000fe00  __stack                        
00001925  _args_main                     
00001831  _c_int00                       
200006a4  _lock                          
0000194b  _nop                           
00001943  _register_lock                 
0000193d  _register_unlock               
20000000  _sys_memory                    
0000197d  _system_post_cinit             
00001979  _system_pre_init               
200006a8  _unlock                        
00001889  abort                          
ffffffff  binit                          
000018d9  copy_in                        
00001891  exit                           
00000000  interruptVectors               
00000ccb  main                           
200006b4  main_func_sp                   
00001641  memcpy                         
000016e5  memset                         
00001311  ta3dummy                       


GLOBAL SYMBOLS: SORTED BY Symbol Address 

address   name                           
-------   ----                           
00000000  __TI_static_base__             
00000000  interruptVectors               
000000e5  LogicAnalyzer                  
000000ef  LogicAnalyzer_P1               
000000fd  LogicAnalyzer_P2               
0000010b  LogicAnalyzer_P2_7654          
0000011b  LogicAnalyzer_P3               
00000129  LogicAnalyzer_P4               
00000137  LogicAnalyzer_P4_765432        
00000147  LogicAnalyzer_P4_765320        
0000017f  LogicAnalyzer_P5               
0000018d  LogicAnalyzer_P6               
0000019b  LogicAnalyzer_P7               
000001a9  LogicAnalyzer_P8               
000001b7  LogicAnalyzer_P9               
000001c5  LogicAnalyzer_P10              
000001d3  Scope                          
00000200  __STACK_SIZE                   
00000257  PeriodicTask2_Init             
000002c1  T32_INT1_IRQHandler            
000002c1  T32_INT1_IRQHandler            
000002d1  PeriodicTask2_Stop             
000002e1  UART_Init                      
0000033b  UART_InChar                    
0000034b  UART_OutChar                   
00000367  TExaS_Task0                    
00000373  TExaS_Task1                    
0000037f  TExaS_Task2                    
0000038b  TExaS_Task3                    
00000397  TExaS_Task4                    
00000399  TExaS_Task5                    
000003a5  TExaS_Task6                    
000003b1  TExaS_Set                      
000003c9  TExaS_Set0                     
000003d5  TExaS_Set1                     
000003e1  TExaS_Set2                     
000003ed  TExaS_Set3                     
000003f9  TExaS_Set4                     
000003fb  TExaS_Set5                     
00000400  __SYSMEM_SIZE                  
00000407  TExaS_Set6                     
00000413  TExaS_Clear0                   
0000041f  TExaS_Clear1                   
0000042b  TExaS_Clear2                   
00000437  TExaS_Clear3                   
00000443  TExaS_Clear4                   
00000445  TExaS_Clear5                   
00000451  TExaS_Clear6                   
00000475  ADC_Init                       
00000551  TExaS_Init                     
000006b1  TExaS_Stop                     
00000715  EUSCIA0_Init                   
00000779  EUSCIA0_InChar                 
0000078b  EUSCIA0_OutChar                
000007a5  EUSCIA0_IRQHandler             
000007a5  EUSCIA0_IRQHandler             
000007db  EUSCIA0_OutString              
000007f9  EUSCIA0_InUDec                 
0000087d  EUSCIA0_OutUDec                
00000a0d  EUSCIA0_OutUDec4               
00000a45  EUSCIA0_OutUDec5               
00000a81  EUSCIA0_OutUFix1               
00000aa9  EUSCIA0_OutUFix2               
00000af5  EUSCIA0_InUHex                 
00000bbd  EUSCIA0_OutUHex                
00000c01  EUSCIA0outnibble               
00000c23  EUSCIA0_OutUHex2               
00000c41  EUSCIA0_InString               
00000ccb  main                           
00000ccd  SystemCoreClockUpdate          
00000f41  SystemInit                     
00000ff9  RxFifo_Init                    
0000100b  RxFifo_Put                     
00001051  RxFifo_Get                     
00001087  UART1_InStatus                 
00001097  UART1_Init                     
000010f3  UART1_InChar                   
00001105  UART1_OutChar                  
00001121  EUSCIA2_IRQHandler             
00001121  EUSCIA2_IRQHandler             
00001137  UART1_OutString                
00001155  UART1_FinishOutput             
0000119d  TxFifo0_Init                   
000011cf  TxFifo0_Put                    
00001219  TxFifo0_Get                    
0000124f  TxFifo0_Size                   
00001261  RxFifo0_Init                   
0000126d  RxFifo0_Put                    
000012ab  RxFifo0_Get                    
000012e1  RxFifo0_Size                   
00001311  ta3dummy                       
0000131d  TimerA3Capture_Init            
000013cf  TA3_0_IRQHandler               
000013cf  TA3_0_IRQHandler               
000013e9  TA3_N_IRQHandler               
000013e9  TA3_N_IRQHandler               
00001445  TimerA0_Init                   
000014a9  TimerA0_Stop                   
000014bf  TA0_0_IRQHandler               
000014bf  TA0_0_IRQHandler               
000014f1  TimerA1_Init                   
0000154f  TimerA1_Stop                   
00001563  TA1_0_IRQHandler               
00001563  TA1_0_IRQHandler               
00001599  TimerA2_Init                   
000015f7  TimerA2_Stop                   
0000160b  TA2_0_IRQHandler               
0000160b  TA2_0_IRQHandler               
00001641  __aeabi_memcpy                 
00001641  __aeabi_memcpy4                
00001641  __aeabi_memcpy8                
00001641  memcpy                         
000016dd  __aeabi_memclr                 
000016dd  __aeabi_memclr4                
000016dd  __aeabi_memclr8                
000016df  __aeabi_memset                 
000016df  __aeabi_memset4                
000016df  __aeabi_memset8                
000016e5  memset                         
00001757  __mpu_init                     
00001759  __TI_auto_init                 
000017c9  __TI_decompress_lzss           
00001831  _c_int00                       
00001885  C$$EXIT                        
00001889  abort                          
00001891  exit                           
000018d9  copy_in                        
00001925  _args_main                     
0000193d  _register_unlock               
00001943  _register_lock                 
0000194b  _nop                           
00001951  __TI_decompress_none           
0000195f  Reset_Handler                  
0000196b  ADC14_IRQHandler               
0000196b  AES256_IRQHandler              
0000196b  BusFault_Handler               
0000196b  COMP_E0_IRQHandler             
0000196b  COMP_E1_IRQHandler             
0000196b  CS_IRQHandler                  
0000196b  DMA_ERR_IRQHandler             
0000196b  DMA_INT0_IRQHandler            
0000196b  DMA_INT1_IRQHandler            
0000196b  DMA_INT2_IRQHandler            
0000196b  DMA_INT3_IRQHandler            
0000196b  DebugMon_Handler               
0000196b  Default_Handler                
0000196b  EUSCIA1_IRQHandler             
0000196b  EUSCIA3_IRQHandler             
0000196b  EUSCIB0_IRQHandler             
0000196b  EUSCIB1_IRQHandler             
0000196b  EUSCIB2_IRQHandler             
0000196b  EUSCIB3_IRQHandler             
0000196b  FLCTL_IRQHandler               
0000196b  FPU_IRQHandler                 
0000196b  HardFault_Handler              
0000196b  MemManage_Handler              
0000196b  NMI_Handler                    
0000196b  PCM_IRQHandler                 
0000196b  PORT1_IRQHandler               
0000196b  PORT2_IRQHandler               
0000196b  PORT3_IRQHandler               
0000196b  PORT4_IRQHandler               
0000196b  PORT5_IRQHandler               
0000196b  PORT6_IRQHandler               
0000196b  PSS_IRQHandler                 
0000196b  PendSV_Handler                 
0000196b  RTC_C_IRQHandler               
0000196b  SVC_Handler                    
0000196b  SysTick_Handler                
0000196b  T32_INT2_IRQHandler            
0000196b  T32_INTC_IRQHandler            
0000196b  TA0_N_IRQHandler               
0000196b  TA1_N_IRQHandler               
0000196b  TA2_N_IRQHandler               
0000196b  UsageFault_Handler             
0000196b  WDT_A_IRQHandler               
0000196d  __TI_zero_init                 
00001979  _system_pre_init               
0000197d  _system_post_cinit             
0000199c  __TI_Handler_Table_Base        
000019a8  __TI_Handler_Table_Limit       
000019b0  __TI_CINIT_Base                
000019c0  __TI_CINIT_Limit               
20000000  _sys_memory                    
20000400  RxFIFO                         
20000500  TxHistogram                    
20000650  Messagec                       
20000658  Messageindexc                  
2000065c  PeriodicTask2                  
20000660  Rx0GetI                        
20000664  Rx0PutI                        
20000668  RxFifoLost                     
2000066c  RxGetI                         
20000670  RxPutI                         
20000674  TimerA0Task                    
20000678  TimerA1Task                    
2000067c  TimerA2Task                    
20000680  Tx0GetI                        
20000684  Tx0PutI                        
20000688  LogicData                      
2000068c  __TI_cleanup_ptr               
20000690  __TI_dtors_ptr                 
20000694  __TI_enable_exit_profile_output
20000698  TExaS_ScopeErrLostData         
2000069c  TExaS_ScopeErrConflict         
200006a0  TExaS_ScopeWrnReconfig         
200006a4  _lock                          
200006a8  _unlock                        
200006ac  CaptureTask0                   
200006b0  CaptureTask2                   
200006b4  main_func_sp                   
200006b8  SystemCoreClock                
2000fe00  __stack                        
20010000  __STACK_END                    
4000480c  WDTCTL_SYM                     
ffffffff  __TI_pprof_out_hndl            
ffffffff  __TI_prof_data_size            
ffffffff  __TI_prof_data_start           
ffffffff  __binit__                      
ffffffff  __c_args__                     
ffffffff  binit                          
UNDEFED   SHT$$INIT_ARRAY$$Base          
UNDEFED   SHT$$INIT_ARRAY$$Limit         

[223 symbols]
